candidate 001/335 /app/admin/advanced 1440x900: exact 0px; batch 3/335; {"exact":1,"running":2}
candidate 003/335 /app/admin/advanced 390x844: exact 0px; batch 4/335; {"exact":2,"running":2}
candidate 002/335 /app/admin/advanced 1024x768: exact 0px; batch 5/335; {"exact":3,"running":2}
candidate 004/335 /app/admin 390x844: exact 0px; batch 6/335; {"exact":4,"running":2}
candidate 006/335 /app/admin 1024x768: exact 0px; batch 7/335; {"exact":5,"running":2}
candidate 005/335 /app/admin 1440x900: exact 0px; batch 8/335; {"exact":6,"running":2}
candidate 007/335 /app/admin 390x844: exact 0px; batch 9/335; {"exact":7,"running":2}
candidate 008/335 /app/calendar?date=2026-09-14 1440x900: exact 0px; batch 10/335; {"exact":8,"running":2}
candidate 009/335 /app/calendar?date=2026-09-14 1024x768: exact 0px; batch 11/335; {"exact":9,"running":2}
candidate 010/335 /app/calendar?date=2026-09-14 390x844: exact 0px; batch 12/335; {"exact":10,"running":2}
candidate 011/335 /app/capture 320x844: exact 0px; batch 13/335; {"exact":11,"running":2}
candidate 012/335 /app/capture 1440x900: nonzero 11px; batch 14/335; {"exact":11,"nonzero":1,"running":2}
candidate 013/335 /app/capture 1024x768: exact 0px; batch 15/335; {"exact":12,"nonzero":1,"running":2}
candidate 014/335 /app/capture 390x844: exact 0px; batch 16/335; {"exact":13,"nonzero":1,"running":2}
candidate 015/335 /app/capture 1440x900: exact 0px; batch 17/335; {"exact":14,"nonzero":1,"running":2}
candidate 016/335 /app/capture 1024x768: exact 0px; batch 18/335; {"exact":15,"nonzero":1,"running":2}
candidate 017/335 /app/capture 390x844: exact 0px; batch 19/335; {"exact":16,"nonzero":1,"running":2}
candidate 018/335 /app/capture 1440x900: exact 0px; batch 20/335; {"exact":17,"nonzero":1,"running":2}
candidate 019/335 /app/module/custom/legacy-entry 1440x900: exact 0px; batch 21/335; {"exact":18,"nonzero":1,"running":2}
candidate 020/335 /app/module/custom/legacy-entry 1024x768: exact 0px; batch 22/335; {"exact":19,"nonzero":1,"running":2}
candidate 021/335 /app/module/custom/legacy-entry 390x844: exact 0px; batch 23/335; {"exact":20,"nonzero":1,"running":2}
candidate 022/335 / 1440x900: exact 0px; batch 24/335; {"exact":21,"nonzero":1,"running":2}
candidate 023/335 / 1024x768: exact 0px; batch 25/335; {"exact":22,"nonzero":1,"running":2}
candidate 024/335 / 390x844: exact 0px; batch 26/335; {"exact":23,"nonzero":1,"running":2}
candidate 025/335 /app/unknown-current-page 1440x900: exact 0px; batch 27/335; {"exact":24,"nonzero":1,"running":2}
candidate 026/335 /app/unknown-current-page 1024x768: exact 0px; batch 28/335; {"exact":25,"nonzero":1,"running":2}
candidate 027/335 /app/unknown-current-page 390x844: exact 0px; batch 29/335; {"exact":26,"nonzero":1,"running":2}
candidate 028/335 /app/cycle 1440x900: exact 0px; batch 30/335; {"exact":27,"nonzero":1,"running":2}
candidate 029/335 /app/cycle 1024x768: exact 0px; batch 31/335; {"exact":28,"nonzero":1,"running":2}
candidate 030/335 /app/cycle 390x844: exact 0px; batch 32/335; {"exact":29,"nonzero":1,"running":2}
candidate 031/335 /app/module/diary 1440x900: exact 0px; batch 33/335; {"exact":30,"nonzero":1,"running":2}
candidate 032/335 /app/module/diary 1024x768: nonzero 20px; batch 34/335; {"exact":30,"nonzero":2,"running":2}
candidate 033/335 /app/module/diary 390x844: exact 0px; batch 35/335; {"exact":31,"nonzero":2,"running":2}
candidate 034/335 /app/module/diary 1440x900: nonzero 3024px; batch 36/335; {"exact":31,"nonzero":3,"running":2}
candidate 035/335 /app/module/diary 1024x768: exact 0px; batch 37/335; {"exact":32,"nonzero":3,"running":2}
candidate 036/335 /app/module/diary 390x844: exact 0px; batch 38/335; {"exact":33,"nonzero":3,"running":2}
candidate 037/335 /app/today 320x844: exact 0px; batch 39/335; {"exact":34,"nonzero":3,"running":2}
candidate 038/335 /app/today 390x844: exact 0px; batch 40/335; {"exact":35,"nonzero":3,"running":2}
candidate 039/335 /app/today 1440x900: exact 0px; batch 41/335; {"exact":36,"nonzero":3,"running":2}
candidate 040/335 /app/today 1024x768: nonzero 19764px; batch 42/335; {"exact":36,"nonzero":4,"running":2}
candidate 041/335 /app/today 390x844: exact 0px; batch 43/335; {"exact":37,"nonzero":4,"running":2}
candidate 042/335 /app/feishu 1440x900: exact 0px; batch 44/335; {"exact":38,"nonzero":4,"running":2}
candidate 043/335 /app/feishu 1024x768: exact 0px; batch 45/335; {"exact":39,"nonzero":4,"running":2}
candidate 044/335 /app/feishu 390x844: exact 0px; batch 46/335; {"exact":40,"nonzero":4,"running":2}
candidate 045/335 /app/module/finance 1440x900: nonzero 8086px; batch 47/335; {"exact":40,"nonzero":5,"running":2}
candidate 046/335 /app/module/finance 1024x768: nonzero 20px; batch 48/335; {"exact":40,"nonzero":6,"running":2}
candidate 047/335 /app/module/finance 390x844: exact 0px; batch 49/335; {"exact":41,"nonzero":6,"running":2}
candidate 048/335 /app/library 1440x900: nonzero 14px; batch 50/335; {"exact":41,"nonzero":7,"running":2}
candidate 049/335 /app/library 1024x768: nonzero 11px; batch 51/335; {"exact":41,"nonzero":8,"running":2}
candidate 050/335 /app/library 390x844: nonzero 8px; batch 52/335; {"exact":41,"nonzero":9,"running":2}
candidate 051/335 /app/matters 1440x900: nonzero 12px; batch 53/335; {"exact":41,"nonzero":10,"running":2}
candidate 052/335 /app/matters 1024x768: nonzero 12px; batch 54/335; {"exact":41,"nonzero":11,"running":2}
candidate 054/335 /app/today 1440x900: nonzero 17px; batch 55/335; {"exact":41,"nonzero":12,"running":2}
candidate 055/335 /app/today 1024x768: nonzero 12866px; batch 56/335; {"exact":41,"nonzero":13,"running":2}
candidate 057/335 /app/library 1440x900: exact 0px; batch 57/335; {"exact":42,"nonzero":13,"running":2}
candidate 058/335 /app/library 1024x768: exact 0px; batch 58/335; {"exact":43,"nonzero":13,"running":2}
candidate 059/335 /app/library 390x844: exact 0px; batch 59/335; {"exact":44,"nonzero":13,"running":2}
candidate 060/335 /app/library 1440x900: exact 0px; batch 60/335; {"exact":45,"nonzero":13,"running":2}
candidate 061/335 /app/library 1024x768: exact 0px; batch 61/335; {"exact":46,"nonzero":13,"running":2}
candidate 053/335 /app/matters 390x844: exact 0px; batch 62/335; {"exact":47,"nonzero":13,"running":2}
candidate 062/335 /app/library 390x844: exact 0px; batch 63/335; {"exact":48,"nonzero":13,"running":2}
candidate 063/335 /app/library 1440x900: exact 0px; batch 64/335; {"exact":49,"nonzero":13,"running":2}
candidate 056/335 /app/today 390x844: exact 0px; batch 65/335; {"exact":50,"nonzero":13,"running":2}
candidate 064/335 /app/library 1024x768: exact 0px; batch 66/335; {"exact":51,"nonzero":13,"running":2}
candidate 065/335 /app/library 390x844: exact 0px; batch 67/335; {"exact":52,"nonzero":13,"running":2}
candidate 066/335 /app/flow 1440x900: nonzero 5px; batch 68/335; {"exact":52,"nonzero":14,"running":2}
candidate 067/335 /app/flow 1024x768: nonzero 3px; batch 69/335; {"exact":52,"nonzero":15,"running":2}
candidate 068/335 /app/flow 390x844: nonzero 5px; batch 70/335; {"exact":52,"nonzero":16,"running":2}
candidate 069/335 /app/library 1440x900: nonzero 5288px; batch 71/335; {"exact":52,"nonzero":17,"running":2}
candidate 070/335 /app/library 1024x768: nonzero 3806px; batch 72/335; {"exact":52,"nonzero":18,"running":2}
candidate 071/335 /app/library 390x844: nonzero 21px; batch 73/335; {"exact":52,"nonzero":19,"running":2}
candidate 072/335 /app/flow 1440x900: nonzero 5px; batch 74/335; {"exact":52,"nonzero":20,"running":2}
candidate 073/335 /app/flow 1024x768: exact 0px; batch 75/335; {"exact":53,"nonzero":20,"running":2}
candidate 075/335 /app/flow 1440x900: exact 0px; batch 76/335; {"exact":54,"nonzero":20,"running":2}
candidate 076/335 /app/flow 1024x768: exact 0px; batch 77/335; {"exact":55,"nonzero":20,"running":2}
candidate 078/335 /app/flow 1440x900: nonzero 5281px; batch 78/335; {"exact":55,"nonzero":21,"running":2}
candidate 079/335 /app/flow 1024x768: exact 0px; batch 79/335; {"exact":56,"nonzero":21,"running":2}
candidate 080/335 /app/flow 390x844: exact 0px; batch 80/335; {"exact":57,"nonzero":21,"running":2}
candidate 074/335 /app/flow 390x844: exact 0px; batch 81/335; {"exact":58,"nonzero":21,"running":2}
candidate 077/335 /app/flow 390x844: exact 0px; batch 82/335; {"exact":59,"nonzero":21,"running":2}
candidate 081/335 /app/matters 1440x900: exact 0px; batch 83/335; {"exact":60,"nonzero":21,"running":2}
candidate 084/335 /app/future 1440x900: exact 0px; batch 84/335; {"exact":61,"nonzero":21,"running":2}
candidate 085/335 /app/future 1024x768: exact 0px; batch 85/335; {"exact":62,"nonzero":21,"running":2}
candidate 082/335 /app/matters 1024x768: exact 0px; batch 86/335; {"exact":63,"nonzero":21,"running":2}
candidate 086/335 /app/future 390x844: exact 0px; batch 87/335; {"exact":64,"nonzero":21,"running":2}
candidate 087/335 /app/future 1440x900: nonzero 20px; batch 88/335; {"exact":64,"nonzero":22,"running":2}
candidate 088/335 /app/future 1024x768: nonzero 20px; batch 89/335; {"exact":64,"nonzero":23,"running":2}
candidate 089/335 /app/future 390x844: exact 0px; batch 90/335; {"exact":65,"nonzero":23,"running":2}
candidate 090/335 /app/future 1440x900: nonzero 20px; batch 91/335; {"exact":65,"nonzero":24,"running":2}
candidate 091/335 /app/future 1024x768: nonzero 20px; batch 92/335; {"exact":65,"nonzero":25,"running":2}
candidate 092/335 /app/future 390x844: exact 0px; batch 93/335; {"exact":66,"nonzero":25,"running":2}
candidate 093/335 /app/future 1440x900: exact 0px; batch 94/335; {"exact":67,"nonzero":25,"running":2}
candidate 094/335 /app/future 1024x768: exact 0px; batch 95/335; {"exact":68,"nonzero":25,"running":2}
candidate 095/335 /app/future 390x844: exact 0px; batch 96/335; {"exact":69,"nonzero":25,"running":2}
candidate 096/335 /app/future 1440x900: exact 0px; batch 97/335; {"exact":70,"nonzero":25,"running":2}
candidate 097/335 /app/future 1024x768: exact 0px; batch 98/335; {"exact":71,"nonzero":25,"running":2}
candidate 098/335 /app/future 390x844: exact 0px; batch 99/335; {"exact":72,"nonzero":25,"running":2}
candidate 099/335 /app/future 1440x900: exact 0px; batch 100/335; {"exact":73,"nonzero":25,"running":2}
candidate 083/335 /app/matters 390x844: exact 0px; batch 101/335; {"exact":74,"nonzero":25,"running":2}
candidate 100/335 /app/future 1024x768: exact 0px; batch 102/335; {"exact":75,"nonzero":25,"running":2}
candidate 101/335 /app/future 390x844: nonzero 20px; batch 103/335; {"exact":75,"nonzero":26,"running":2}
candidate 102/335 /app/future 320x844: exact 0px; batch 104/335; {"exact":76,"nonzero":26,"running":2}
candidate 103/335 /app/future 320x844: exact 0px; batch 105/335; {"exact":77,"nonzero":26,"running":2}
candidate 104/335 /app/future 1440x900: exact 0px; batch 106/335; {"exact":78,"nonzero":26,"running":2}
candidate 105/335 /app/module/goals 1440x900: exact 0px; batch 107/335; {"exact":79,"nonzero":26,"running":2}
candidate 106/335 /app/module/goals 1024x768: nonzero 7153px; batch 108/335; {"exact":79,"nonzero":27,"running":2}
candidate 107/335 /app/module/goals 390x844: exact 0px; batch 109/335; {"exact":80,"nonzero":27,"running":2}
candidate 108/335 /app/graph 1440x900: nonzero 42px; batch 110/335; {"exact":80,"nonzero":28,"running":2}
candidate 109/335 /app/graph 1024x768: exact 0px; batch 111/335; {"exact":81,"nonzero":28,"running":2}
candidate 110/335 /app/graph 390x844: nonzero 13px; batch 112/335; {"exact":81,"nonzero":29,"running":2}
candidate 111/335 /app/graph 1440x900: nonzero 20px; batch 113/335; {"exact":81,"nonzero":30,"running":2}
candidate 112/335 /app/graph 1024x768: nonzero 68px; batch 114/335; {"exact":81,"nonzero":31,"running":2}
candidate 113/335 /app/graph 390x844: exact 0px; batch 115/335; {"exact":82,"nonzero":31,"running":2}
candidate 114/335 /app/graph 1440x900: nonzero 40px; batch 116/335; {"exact":82,"nonzero":32,"running":2}
candidate 115/335 /app/graph 1024x768: nonzero 3px; batch 117/335; {"exact":82,"nonzero":33,"running":2}
candidate 116/335 /app/graph 390x844: exact 0px; batch 118/335; {"exact":83,"nonzero":33,"running":2}
candidate 117/335 /app/graph 1440x900: nonzero 40px; batch 119/335; {"exact":83,"nonzero":34,"running":2}
candidate 118/335 /app/graph 1024x768: nonzero 3px; batch 120/335; {"exact":83,"nonzero":35,"running":2}
candidate 119/335 /app/graph 390x844: exact 0px; batch 121/335; {"exact":84,"nonzero":35,"running":2}
candidate 120/335 /app/graph 1440x900: nonzero 40px; batch 122/335; {"exact":84,"nonzero":36,"running":2}
candidate 121/335 /app/graph 1024x768: nonzero 3px; batch 123/335; {"exact":84,"nonzero":37,"running":2}
candidate 122/335 /app/graph 390x844: exact 0px; batch 124/335; {"exact":85,"nonzero":37,"running":2}
candidate 123/335 /app/module/habits 1440x900: exact 0px; batch 125/335; {"exact":86,"nonzero":37,"running":2}
candidate 124/335 /app/module/habits 1024x768: exact 0px; batch 126/335; {"exact":87,"nonzero":37,"running":2}
candidate 125/335 /app/module/habits 390x844: nonzero 92px; batch 127/335; {"exact":87,"nonzero":38,"running":2}
candidate 126/335 /app/today 1440x900: exact 0px; batch 128/335; {"exact":88,"nonzero":38,"running":2}
candidate 127/335 /app/today 1024x768: exact 0px; batch 129/335; {"exact":89,"nonzero":38,"running":2}
candidate 128/335 /app/today 390x844: exact 0px; batch 130/335; {"exact":90,"nonzero":38,"running":2}
candidate 129/335 /app/module/inbox 1440x900: exact 0px; batch 131/335; {"exact":91,"nonzero":38,"running":2}
candidate 130/335 /app/module/inbox 1024x768: nonzero 20px; batch 132/335; {"exact":91,"nonzero":39,"running":2}
candidate 131/335 /app/module/inbox 390x844: exact 0px; batch 133/335; {"exact":92,"nonzero":39,"running":2}
candidate 132/335 /app/module/inbox 1440x900: nonzero 2px; batch 134/335; {"exact":92,"nonzero":40,"running":2}
candidate 133/335 /app/module/inbox 1024x768: nonzero 2px; batch 135/335; {"exact":92,"nonzero":41,"running":2}
candidate 134/335 /app/module/inbox 390x844: exact 0px; batch 136/335; {"exact":93,"nonzero":41,"running":2}
candidate 135/335 /app/module/inbox 1440x900: nonzero 2px; batch 137/335; {"exact":93,"nonzero":42,"running":2}
candidate 136/335 /app/module/inbox 1024x768: exact 0px; batch 138/335; {"exact":94,"nonzero":42,"running":2}
candidate 137/335 /app/module/inbox 390x844: exact 0px; batch 139/335; {"exact":95,"nonzero":42,"running":2}
candidate 138/335 /app/module/inbox 1440x900: nonzero 20px; batch 140/335; {"exact":95,"nonzero":43,"running":2}
candidate 139/335 /app/module/inbox 1024x768: nonzero 20px; batch 141/335; {"exact":95,"nonzero":44,"running":2}
candidate 140/335 /app/module/inbox 390x844: exact 0px; batch 142/335; {"exact":96,"nonzero":44,"running":2}
candidate 141/335 /app/library 1440x900: exact 0px; batch 143/335; {"exact":97,"nonzero":44,"running":2}
candidate 142/335 /app/library 1024x768: exact 0px; batch 144/335; {"exact":98,"nonzero":44,"running":2}
candidate 143/335 /app/library 390x844: nonzero 6901px; batch 145/335; {"exact":98,"nonzero":45,"running":2}
candidate 144/335 /app/library 1440x900: nonzero 20px; batch 146/335; {"exact":98,"nonzero":46,"running":2}
candidate 145/335 /app/library 1024x768: exact 0px; batch 147/335; {"exact":99,"nonzero":46,"running":2}
candidate 146/335 /app/library 390x844: exact 0px; batch 148/335; {"exact":100,"nonzero":46,"running":2}
candidate 147/335 /login 1440x900: exact 0px; batch 149/335; {"exact":101,"nonzero":46,"running":2}
candidate 148/335 /login 1024x768: exact 0px; batch 150/335; {"exact":102,"nonzero":46,"running":2}
candidate 149/335 /login 390x844: exact 0px; batch 151/335; {"exact":103,"nonzero":46,"running":2}
candidate 150/335 /app/master-data 1440x900: nonzero 4319px; batch 152/335; {"exact":103,"nonzero":47,"running":2}
candidate 151/335 /app/master-data 1024x768: exact 0px; batch 153/335; {"exact":104,"nonzero":47,"running":2}
candidate 152/335 /app/master-data 390x844: exact 0px; batch 154/335; {"exact":105,"nonzero":47,"running":2}
candidate 153/335 /app/master-data 1440x900: exact 0px; batch 155/335; {"exact":106,"nonzero":47,"running":2}
candidate 154/335 /app/master-data 1024x768: nonzero 3971px; batch 156/335; {"exact":106,"nonzero":48,"running":2}
candidate 155/335 /app/master-data 390x844: exact 0px; batch 157/335; {"exact":107,"nonzero":48,"running":2}
candidate 156/335 /app/matters 1440x900: nonzero 35px; batch 158/335; {"exact":107,"nonzero":49,"running":2}
candidate 157/335 /app/matters 1024x768: nonzero 31px; batch 159/335; {"exact":107,"nonzero":50,"running":2}
candidate 158/335 /app/matters 390x844: exact 0px; batch 160/335; {"exact":108,"nonzero":50,"running":2}
candidate 159/335 /app/matters/mat-42 1440x900: exact 0px; batch 161/335; {"exact":109,"nonzero":50,"running":2}
candidate 160/335 /app/matters/mat-42 1024x768: exact 0px; batch 162/335; {"exact":110,"nonzero":50,"running":2}
candidate 161/335 /app/matters/mat-42 390x844: exact 0px; batch 163/335; {"exact":111,"nonzero":50,"running":2}
candidate 162/335 /app/matters 1440x900: nonzero 20px; batch 164/335; {"exact":111,"nonzero":51,"running":2}
candidate 164/335 /app/matters 390x844: exact 0px; batch 165/335; {"exact":112,"nonzero":51,"running":2}
candidate 163/335 /app/matters 1024x768: nonzero 31px; batch 166/335; {"exact":112,"nonzero":52,"running":2}
candidate 165/335 /app/matters 320x844: exact 0px; batch 167/335; {"exact":113,"nonzero":52,"running":2}
candidate 166/335 /app/matters 320x844: exact 0px; batch 168/335; {"exact":114,"nonzero":52,"running":2}
candidate 167/335 /app/matters 1440x900: nonzero 20px; batch 169/335; {"exact":114,"nonzero":53,"running":2}
candidate 168/335 /app/matters 1024x768: exact 0px; batch 170/335; {"exact":115,"nonzero":53,"running":2}
candidate 169/335 /app/matters 390x844: exact 0px; batch 171/335; {"exact":116,"nonzero":53,"running":2}
candidate 170/335 /app/matters 1440x900: nonzero 4px; batch 172/335; {"exact":116,"nonzero":54,"running":2}
candidate 171/335 /app/matters 1024x768: nonzero 32px; batch 173/335; {"exact":116,"nonzero":55,"running":2}
candidate 172/335 /app/matters 390x844: exact 0px; batch 174/335; {"exact":117,"nonzero":55,"running":2}
candidate 173/335 /app/matters 1440x900: nonzero 26px; batch 175/335; {"exact":117,"nonzero":56,"running":2}
candidate 174/335 /app/matters 1024x768: nonzero 6px; batch 176/335; {"exact":117,"nonzero":57,"running":2}
candidate 175/335 /app/matters 390x844: exact 0px; batch 177/335; {"exact":118,"nonzero":57,"running":2}
candidate 176/335 /app/matters 1440x900: exact 0px; batch 178/335; {"exact":119,"nonzero":57,"running":2}
candidate 177/335 /app/matters 1024x768: exact 0px; batch 179/335; {"exact":120,"nonzero":57,"running":2}
candidate 178/335 /app/matters 390x844: exact 0px; batch 180/335; {"exact":121,"nonzero":57,"running":2}
candidate 179/335 /app/matters 1440x900: exact 0px; batch 181/335; {"exact":122,"nonzero":57,"running":2}
candidate 180/335 /app/matters 1024x768: exact 0px; batch 182/335; {"exact":123,"nonzero":57,"running":2}
candidate 181/335 /app/matters 390x844: exact 0px; batch 183/335; {"exact":124,"nonzero":57,"running":2}
candidate 182/335 /app/matters 1440x900: nonzero 41px; batch 184/335; {"exact":124,"nonzero":58,"running":2}
candidate 183/335 /app/matters 1024x768: nonzero 21px; batch 185/335; {"exact":124,"nonzero":59,"running":2}
candidate 184/335 /app/matters 390x844: exact 0px; batch 186/335; {"exact":125,"nonzero":59,"running":2}
candidate 185/335 /app/matters 1440x900: exact 0px; batch 187/335; {"exact":126,"nonzero":59,"running":2}
candidate 186/335 /app/matters 1024x768: nonzero 13px; batch 188/335; {"exact":126,"nonzero":60,"running":2}
candidate 187/335 /app/matters 390x844: nonzero 19px; batch 189/335; {"exact":126,"nonzero":61,"running":2}
candidate 188/335 /app/matters 1440x900: exact 0px; batch 190/335; {"exact":127,"nonzero":61,"running":2}
candidate 189/335 /app/matters 1024x768: nonzero 24px; batch 191/335; {"exact":127,"nonzero":62,"running":2}
candidate 190/335 /app/matters 390x844: nonzero 19px; batch 192/335; {"exact":127,"nonzero":63,"running":2}
candidate 191/335 /app/matters 1440x900: exact 0px; batch 193/335; {"exact":128,"nonzero":63,"running":2}
candidate 192/335 /app/matters 1024x768: exact 0px; batch 194/335; {"exact":129,"nonzero":63,"running":2}
candidate 193/335 /app/matters 390x844: nonzero 19px; batch 195/335; {"exact":129,"nonzero":64,"running":2}
candidate 194/335 /app/matters 1440x900: nonzero 20px; batch 196/335; {"exact":129,"nonzero":65,"running":2}
candidate 195/335 /app/matters 1024x768: nonzero 20px; batch 197/335; {"exact":129,"nonzero":66,"running":2}
candidate 196/335 /app/matters 390x844: nonzero 25px; batch 198/335; {"exact":129,"nonzero":67,"running":2}
candidate 197/335 /app/matters 1440x900: exact 0px; batch 199/335; {"exact":130,"nonzero":67,"running":2}
candidate 198/335 /app/matters 1024x768: nonzero 21px; batch 200/335; {"exact":130,"nonzero":68,"running":2}
candidate 199/335 /app/matters 390x844: exact 0px; batch 201/335; {"exact":131,"nonzero":68,"running":2}
candidate 200/335 /app/matters 1440x900: nonzero 20px; batch 202/335; {"exact":131,"nonzero":69,"running":2}
candidate 201/335 /app/matters 1024x768: nonzero 41px; batch 203/335; {"exact":131,"nonzero":70,"running":2}
candidate 202/335 /app/matters 390x844: nonzero 25px; batch 204/335; {"exact":131,"nonzero":71,"running":2}
candidate 203/335 /app/matters 1440x900: exact 0px; batch 205/335; {"exact":132,"nonzero":71,"running":2}
candidate 204/335 /app/matters 1440x900: exact 0px; batch 206/335; {"exact":133,"nonzero":71,"running":2}
candidate 205/335 /app/memory 1440x900: exact 0px; batch 207/335; {"exact":134,"nonzero":71,"running":2}
candidate 206/335 /app/memory 1024x768: exact 0px; batch 208/335; {"exact":135,"nonzero":71,"running":2}
candidate 207/335 /app/memory 390x844: exact 0px; batch 209/335; {"exact":136,"nonzero":71,"running":2}
candidate 208/335 /app/memory 1440x900: exact 0px; batch 210/335; {"exact":137,"nonzero":71,"running":2}
candidate 209/335 /app/memory 1024x768: exact 0px; batch 211/335; {"exact":138,"nonzero":71,"running":2}
candidate 210/335 /app/memory 390x844: exact 0px; batch 212/335; {"exact":139,"nonzero":71,"running":2}
candidate 211/335 /app/today 1440x900: exact 0px; batch 213/335; {"exact":140,"nonzero":71,"running":2}
candidate 212/335 /app/today 1440x900: exact 0px; batch 214/335; {"exact":141,"nonzero":71,"running":2}
candidate 213/335 /app/today 1440x900: exact 0px; batch 215/335; {"exact":142,"nonzero":71,"running":2}
candidate 214/335 /app/today 1440x900: exact 0px; batch 216/335; {"exact":143,"nonzero":71,"running":2}
candidate 215/335 /app/today 1440x900: exact 0px; batch 217/335; {"exact":144,"nonzero":71,"running":2}
candidate 216/335 /app/today 1440x900: exact 0px; batch 218/335; {"exact":145,"nonzero":71,"running":2}
candidate 217/335 /app/today 1440x900: exact 0px; batch 219/335; {"exact":146,"nonzero":71,"running":2}
candidate 218/335 /pass 1440x900: exact 0px; batch 220/335; {"exact":147,"nonzero":71,"running":2}
candidate 219/335 /pass 1024x768: exact 0px; batch 221/335; {"exact":148,"nonzero":71,"running":2}
candidate 220/335 /pass 390x844: exact 0px; batch 222/335; {"exact":149,"nonzero":71,"running":2}
candidate 221/335 /app/people 1440x900: exact 0px; batch 223/335; {"exact":150,"nonzero":71,"running":2}
candidate 222/335 /app/people 1024x768: exact 0px; batch 224/335; {"exact":151,"nonzero":71,"running":2}
candidate 223/335 /app/people 390x844: exact 0px; batch 225/335; {"exact":152,"nonzero":71,"running":2}
candidate 224/335 /app/people 1440x900: nonzero 20px; batch 226/335; {"exact":152,"nonzero":72,"running":2}
candidate 225/335 /app/people 1024x768: nonzero 20px; batch 227/335; {"exact":152,"nonzero":73,"running":2}
candidate 226/335 /app/people 390x844: exact 0px; batch 228/335; {"exact":153,"nonzero":73,"running":2}
candidate 227/335 /app/people 1440x900: nonzero 20px; batch 229/335; {"exact":153,"nonzero":74,"running":2}
candidate 228/335 /app/people 1024x768: nonzero 20px; batch 230/335; {"exact":153,"nonzero":75,"running":2}
candidate 229/335 /app/people 390x844: exact 0px; batch 231/335; {"exact":154,"nonzero":75,"running":2}
candidate 230/335 /app/module/pomo 1440x900: exact 0px; batch 232/335; {"exact":155,"nonzero":75,"running":2}
candidate 231/335 /app/module/pomo 1024x768: exact 0px; batch 233/335; {"exact":156,"nonzero":75,"running":2}
candidate 232/335 /app/module/pomo 390x844: exact 0px; batch 234/335; {"exact":157,"nonzero":75,"running":2}
candidate 233/335 /app/module/pomo 1440x900: exact 0px; batch 235/335; {"exact":158,"nonzero":75,"running":2}
candidate 234/335 /app/module/posts 1440x900: nonzero 3817px; batch 236/335; {"exact":158,"nonzero":76,"running":2}
candidate 235/335 /app/module/posts 1024x768: exact 0px; batch 237/335; {"exact":159,"nonzero":76,"running":2}
candidate 236/335 /app/module/posts 390x844: exact 0px; batch 238/335; {"exact":160,"nonzero":76,"running":2}
candidate 237/335 /app/module/posts 1440x900: nonzero 4086px; batch 239/335; {"exact":160,"nonzero":77,"running":2}
candidate 238/335 /app/module/posts 1024x768: exact 0px; batch 240/335; {"exact":161,"nonzero":77,"running":2}
candidate 239/335 /app/module/posts 390x844: exact 0px; batch 241/335; {"exact":162,"nonzero":77,"running":2}
candidate 240/335 /app/profile 1440x900: exact 0px; batch 242/335; {"exact":163,"nonzero":77,"running":2}
candidate 241/335 /app/profile 1024x768: exact 0px; batch 243/335; {"exact":164,"nonzero":77,"running":2}
candidate 242/335 /app/profile 390x844: exact 0px; batch 244/335; {"exact":165,"nonzero":77,"running":2}
candidate 243/335 /app/profile 1440x900: exact 0px; batch 245/335; {"exact":166,"nonzero":77,"running":2}
candidate 244/335 /app/profile 1024x768: exact 0px; batch 246/335; {"exact":167,"nonzero":77,"running":2}
candidate 245/335 /app/profile 390x844: exact 0px; batch 247/335; {"exact":168,"nonzero":77,"running":2}
candidate 246/335 /app/profile 1440x900: exact 0px; batch 248/335; {"exact":169,"nonzero":77,"running":2}
candidate 247/335 /app/profile 1024x768: exact 0px; batch 249/335; {"exact":170,"nonzero":77,"running":2}
candidate 248/335 /app/profile 390x844: exact 0px; batch 250/335; {"exact":171,"nonzero":77,"running":2}
candidate 249/335 /app/profile 1440x900: nonzero 15px; batch 251/335; {"exact":171,"nonzero":78,"running":2}
candidate 250/335 /app/profile 1024x768: exact 0px; batch 252/335; {"exact":172,"nonzero":78,"running":2}
candidate 251/335 /app/profile 390x844: exact 0px; batch 253/335; {"exact":173,"nonzero":78,"running":2}
candidate 252/335 /app/profile 1440x900: exact 0px; batch 254/335; {"exact":174,"nonzero":78,"running":2}
candidate 253/335 /app/profile 1024x768: exact 0px; batch 255/335; {"exact":175,"nonzero":78,"running":2}
candidate 254/335 /app/profile 390x844: exact 0px; batch 256/335; {"exact":176,"nonzero":78,"running":2}
candidate 255/335 /app/review 320x844: exact 0px; batch 257/335; {"exact":177,"nonzero":78,"running":2}
candidate 256/335 /app/review 1440x900: exact 0px; batch 258/335; {"exact":178,"nonzero":78,"running":2}
candidate 257/335 /app/review 1024x768: exact 0px; batch 259/335; {"exact":179,"nonzero":78,"running":2}
candidate 258/335 /app/review 390x844: exact 0px; batch 260/335; {"exact":180,"nonzero":78,"running":2}
candidate 259/335 /app/review 1440x900: nonzero 17px; batch 261/335; {"exact":180,"nonzero":79,"running":2}
candidate 260/335 /app/review 1024x768: exact 0px; batch 262/335; {"exact":181,"nonzero":79,"running":2}
candidate 261/335 /app/review 390x844: exact 0px; batch 263/335; {"exact":182,"nonzero":79,"running":2}
candidate 262/335 /app/review 1440x900: exact 0px; batch 264/335; {"exact":183,"nonzero":79,"running":2}
candidate 263/335 /app/review 1024x768: exact 0px; batch 265/335; {"exact":184,"nonzero":79,"running":2}
candidate 264/335 /app/review 390x844: exact 0px; batch 266/335; {"exact":185,"nonzero":79,"running":2}
candidate 265/335 /app/review 1440x900: exact 0px; batch 267/335; {"exact":186,"nonzero":79,"running":2}
candidate 266/335 /app/review 1024x768: exact 0px; batch 268/335; {"exact":187,"nonzero":79,"running":2}
candidate 267/335 /app/review 390x844: exact 0px; batch 269/335; {"exact":188,"nonzero":79,"running":2}
candidate 268/335 /app/review 1440x900: nonzero 5299px; batch 270/335; {"exact":188,"nonzero":80,"running":2}
candidate 269/335 /app/review 1024x768: nonzero 23px; batch 271/335; {"exact":188,"nonzero":81,"running":2}
candidate 270/335 /app/review 390x844: exact 0px; batch 272/335; {"exact":189,"nonzero":81,"running":2}
candidate 271/335 /app/review 1440x900: nonzero 5279px; batch 273/335; {"exact":189,"nonzero":82,"running":2}
candidate 272/335 /app/review 1024x768: nonzero 20px; batch 274/335; {"exact":189,"nonzero":83,"running":2}
candidate 273/335 /app/review 390x844: exact 0px; batch 275/335; {"exact":190,"nonzero":83,"running":2}
candidate 274/335 /app/review 1440x900: exact 0px; batch 276/335; {"exact":191,"nonzero":83,"running":2}
candidate 275/335 /scene 1440x900: exact 0px; batch 277/335; {"exact":192,"nonzero":83,"running":2}
candidate 276/335 /scene 1024x768: exact 0px; batch 278/335; {"exact":193,"nonzero":83,"running":2}
candidate 277/335 /scene 390x844: exact 0px; batch 279/335; {"exact":194,"nonzero":83,"running":2}
candidate 278/335 /app/today 1440x900: exact 0px; batch 280/335; {"exact":195,"nonzero":83,"running":2}
candidate 279/335 /app/today 390x844: exact 0px; batch 281/335; {"exact":196,"nonzero":83,"running":2}
candidate 282/335 /app/today 320x844: exact 0px; batch 282/335; {"exact":197,"nonzero":83,"running":2}
candidate 283/335 /app/today 1440x900: exact 0px; batch 283/335; {"exact":198,"nonzero":83,"running":2}
candidate 284/335 /app/today 1024x768: exact 0px; batch 284/335; {"exact":199,"nonzero":83,"running":2}
candidate 285/335 /app/today 390x844: exact 0px; batch 285/335; {"exact":200,"nonzero":83,"running":2}
candidate 286/335 /app/task-board 1440x900: exact 0px; batch 286/335; {"exact":201,"nonzero":83,"running":2}
candidate 287/335 /app/task-board 1024x768: exact 0px; batch 287/335; {"exact":202,"nonzero":83,"running":2}
candidate 288/335 /app/task-board 390x844: exact 0px; batch 288/335; {"exact":203,"nonzero":83,"running":2}
candidate 280/335 /app/today 1440x900: exact 0px; batch 289/335; {"exact":204,"nonzero":83,"running":2}
candidate 289/335 /app/module/tasks 1440x900: nonzero 10px; batch 290/335; {"exact":204,"nonzero":84,"running":2}
candidate 281/335 /app/today 390x844: exact 0px; batch 291/335; {"exact":205,"nonzero":84,"running":2}
candidate 290/335 /app/module/tasks 1024x768: exact 0px; batch 292/335; {"exact":206,"nonzero":84,"running":2}
candidate 291/335 /app/module/tasks 390x844: nonzero 3px; batch 293/335; {"exact":206,"nonzero":85,"running":2}
candidate 292/335 /app/module/tasks 1440x900: exact 0px; batch 294/335; {"exact":207,"nonzero":85,"running":2}
candidate 293/335 /app/module/tasks 1024x768: nonzero 20px; batch 295/335; {"exact":207,"nonzero":86,"running":2}
candidate 294/335 /app/module/tasks 390x844: nonzero 16px; batch 296/335; {"exact":207,"nonzero":87,"running":2}
candidate 295/335 /app/module/tasks 1440x900: nonzero 20px; batch 297/335; {"exact":207,"nonzero":88,"running":2}
candidate 296/335 /app/module/tasks 1024x768: exact 0px; batch 298/335; {"exact":208,"nonzero":88,"running":2}
candidate 297/335 /app/module/tasks 390x844: exact 0px; batch 299/335; {"exact":209,"nonzero":88,"running":2}
candidate 298/335 /app/module/tasks 1440x900: exact 0px; batch 300/335; {"exact":210,"nonzero":88,"running":2}
candidate 299/335 /app/module/tasks 1024x768: nonzero 20px; batch 301/335; {"exact":210,"nonzero":89,"running":2}
candidate 300/335 /app/module/tasks 390x844: exact 0px; batch 302/335; {"exact":211,"nonzero":89,"running":2}
candidate 301/335 /app/module/tasks 390x844: exact 0px; batch 303/335; {"exact":212,"nonzero":89,"running":2}
candidate 302/335 /app/module/tasks 1440x900: exact 0px; batch 304/335; {"exact":213,"nonzero":89,"running":2}
candidate 303/335 /app/module/tasks 1024x768: exact 0px; batch 305/335; {"exact":214,"nonzero":89,"running":2}
candidate 305/335 /app/module/tasks 1440x900: nonzero 30px; batch 306/335; {"exact":214,"nonzero":90,"running":2}
candidate 306/335 /app/module/tasks 1024x768: nonzero 6px; batch 307/335; {"exact":214,"nonzero":91,"running":2}
candidate 307/335 /app/module/tasks 390x844: nonzero 2px; batch 308/335; {"exact":214,"nonzero":92,"running":2}
candidate 308/335 /app/module/tasks 1440x900: nonzero 28309px; batch 309/335; {"exact":214,"nonzero":93,"running":2}
candidate 309/335 /app/module/tasks 1024x768: nonzero 20px; batch 310/335; {"exact":214,"nonzero":94,"running":2}
candidate 310/335 /app/module/tasks 390x844: exact 0px; batch 311/335; {"exact":215,"nonzero":94,"running":2}
candidate 311/335 /app/module/tasks 1440x900: nonzero 26px; batch 312/335; {"exact":215,"nonzero":95,"running":2}
candidate 312/335 /app/module/tasks 1024x768: nonzero 6px; batch 313/335; {"exact":215,"nonzero":96,"running":2}
candidate 313/335 /app/module/tasks 390x844: nonzero 2px; batch 314/335; {"exact":215,"nonzero":97,"running":2}
candidate 314/335 /app/module/tasks 1440x900: exact 0px; batch 315/335; {"exact":216,"nonzero":97,"running":2}
candidate 304/335 /app/module/tasks 390x844: exact 0px; batch 316/335; {"exact":217,"nonzero":97,"running":2}
candidate 315/335 /app/module/tasks 1024x768: exact 0px; batch 317/335; {"exact":218,"nonzero":97,"running":2}
candidate 316/335 /app/module/tasks 390x844: exact 0px; batch 318/335; {"exact":219,"nonzero":97,"running":2}
candidate 317/335 /app/module/tasks 390x844: exact 0px; batch 319/335; {"exact":220,"nonzero":97,"running":2}
candidate 318/335 /app/module/tasks 1440x900: exact 0px; batch 320/335; {"exact":221,"nonzero":97,"running":2}
candidate 319/335 /app/module/tasks 1024x768: exact 0px; batch 321/335; {"exact":222,"nonzero":97,"running":2}
candidate 321/335 /app/module/tasks 1440x900: exact 0px; batch 322/335; {"exact":223,"nonzero":97,"running":2}
candidate 322/335 /app/module/tasks 1024x768: nonzero 5px; batch 323/335; {"exact":223,"nonzero":98,"running":2}
candidate 323/335 /app/module/tasks 390x844: exact 0px; batch 324/335; {"exact":224,"nonzero":98,"running":2}
candidate 324/335 /app/module/tasks 1440x900: nonzero 1px; batch 325/335; {"exact":224,"nonzero":99,"running":2}
candidate 325/335 /app/module/tasks 1024x768: exact 0px; batch 326/335; {"exact":225,"nonzero":99,"running":2}
candidate 326/335 /app/module/tasks 390x844: exact 0px; batch 327/335; {"exact":226,"nonzero":99,"running":2}
candidate 327/335 /app/module/tasks 1440x900: nonzero 18233px; batch 328/335; {"exact":226,"nonzero":100,"running":2}
candidate 328/335 /app/module/tasks 1024x768: nonzero 13354px; batch 329/335; {"exact":226,"nonzero":101,"running":2}
candidate 329/335 /app/module/tasks 390x844: exact 0px; batch 330/335; {"exact":227,"nonzero":101,"running":2}
candidate 330/335 /app/module/tasks 1440x900: nonzero 20px; batch 331/335; {"exact":227,"nonzero":102,"running":2}
candidate 331/335 /app/module/tasks 1024x768: nonzero 20px; batch 332/335; {"exact":227,"nonzero":103,"running":2}
candidate 320/335 /app/module/tasks 390x844: exact 0px; batch 333/335; {"exact":228,"nonzero":103,"running":2}
candidate 332/335 /app/module/tasks 390x844: exact 0px; batch 334/335; {"exact":229,"nonzero":103,"running":2}
candidate 333/335 /app/module/tasks 1440x900: nonzero 10px; batch 335/335; {"exact":229,"nonzero":104,"running":2}
candidate 334/335 /app/module/tasks 1024x768: nonzero 10px; batch 335/335; {"exact":229,"nonzero":105,"running":1}
candidate 335/335 /app/module/tasks 390x844: nonzero 2px; batch 335/335; {"exact":229,"nonzero":106}
batch complete: {"exact":229,"nonzero":106}; status=D:\dsharness\tmp\official-335-after-current-fixes-status.json
